(parallel: 14 worker processes)
=== Phase 1: broad exploration (sigma=0.25) ===
generation 0: best=  291.8m mean=  215.7m worst=  -54.0m
generation 1: best=  291.8m mean=  237.8m worst=   91.5m
generation 2: best=  291.8m mean=  242.1m worst=  157.9m
generation 3: best=  291.8m mean=  239.7m worst=  161.2m
generation 4: best=  291.8m mean=  244.8m worst=  112.4m
generation 5: best=  293.0m mean=  233.0m worst=  144.9m
generation 6: best=  294.3m mean=  235.2m worst=    8.1m
generation 7: best=  294.3m mean=  245.1m worst=  162.7m
generation 8: best=  294.5m mean=  250.1m worst=  106.8m
generation 9: best=  294.5m mean=  199.0m worst= -137.3m
generation 10: best=  294.5m mean=  251.0m worst=  119.9m
generation 11: best=  294.5m mean=  232.6m worst=  -32.9m
generation 12: best=  294.5m mean=  215.1m worst=   43.4m
generation 13: best=  294.5m mean=  227.8m worst=   18.4m
generation 14: best=  294.5m mean=  245.1m worst=  145.3m
generation 15: best=  294.5m mean=  217.8m worst=  -29.7m
generation 16: best=  294.5m mean=  246.4m worst=  137.9m
generation 17: best=  294.5m mean=  230.6m worst=  -72.3m
=== Phase 2: fine-tuning (sigma=0.08) ===
generation 0: best=  294.9m mean=  272.9m worst=  238.7m
generation 1: best=  297.5m mean=  277.6m worst=  243.8m
generation 2: best=  297.5m mean=  275.7m worst=  236.5m
generation 3: best=  297.5m mean=  279.6m worst=  245.9m
generation 4: best=  297.5m mean=  275.1m worst=  224.5m
generation 5: best=  297.5m mean=  277.9m worst=  246.8m
generation 6: best=  297.5m mean=  280.7m worst=  246.0m
generation 7: best=  297.5m mean=  277.8m worst=  248.5m
generation 8: best=  297.5m mean=  276.3m worst=  227.6m
generation 9: best=  297.5m mean=  279.3m worst=  237.3m
------------------------------------------------------------------------
best training fitness: 297.5m (seeds [13, 55, 110, 271, 997], 20s rounds)
ReactiveParams(
    center_offset_gain=0.16329481913850655,
    heading_error_gain=0.047392860963696146,
    lookahead_near_gain=0.05156791694867777,
    lookahead_far_gain=0.042957106946593,
    wall_avoid_margin_m=1.125402374107058,
    wall_avoid_gain=0.2925912086177571,
    emergency_front_m=2.697433783832892,
    emergency_steer=0.7242665583427179,
    recovery_steer=1.8927912105935465,
    recovery_throttle=-0.22450777801650354,
    steer_limit=0.9188703735967165,
    turn_sharpness_deg=5.0,
    apex_bias_max_m=0.25329318957554986,
    max_speed_mps=17.014201536345517,
    speed_gain=0.2537829451258241,
    corner_speed_gain=0.02486010628023755,
    corner_signal_deg=52.45465009500402,
    corner_yaw_rate_deg_per_s=60.63871092991616,
    brake_lead_time_s=0.24588205755469877,
    brake_min_distance_m=0.35809461475892485,
    brake_gain=1.3949832375436668,
    brake_quadratic_coeff=0.0005487103375623236,
    traction_loss_throttle_threshold=0.30868865909162585,
    traction_loss_expected_accel_mps2=1.1682154924097303,
    traction_loss_gain=0.018785154251528872,
    diagonal_avoid_margin_m=1.5,
    diagonal_avoid_gain=0.005263270771884466,
    curvature_gain=0.009856836169973755,
    damage_speed_gain=0.0,
    attitude_cutoff_deg=5.5193163263337235,
    attitude_cutoff_gain=0.012312615071995315,
    speed_scaled_margin_lead_s=0.03861883103383921,
    instability_yaw_rate_deg_per_s=306.47111883260266,
    instability_lateral_accel_mps2=5.469000995418077,
    instability_gain=0.01339968479208049,
    brake_front_cone_blend=0.00939171038983707,
)
------------------------------------------------------------------------
diagnostic trace of the best params on the training seeds:
=== seed 13: survived ===
distance=295.9m laps=1 damage=0.00 max_speed=16.7m/s marshal=0x ticks=1200
braking: 5/1200 ticks (0.4%) | front wall < 3m: 0/1200 ticks
reactive2 signals: max|lateral_accel|=40.9m/s^2 max|roll or pitch|=2.7deg instability triggered: 0/1200 ticks curvature signal nonzero: 1200/1200 ticks
first contact at t=11.57s: speed=16.7m/s front=46.14m left=4.07m right=4.09m heading_error=-0.0 center_offset=0.01 -> throttle=-0.22 steer=1.89

=== seed 55: survived ===
distance=301.1m laps=1 damage=0.00 max_speed=16.7m/s marshal=0x ticks=1200
braking: 7/1200 ticks (0.6%) | front wall < 3m: 0/1200 ticks
reactive2 signals: max|lateral_accel|=40.6m/s^2 max|roll or pitch|=2.1deg instability triggered: 0/1200 ticks curvature signal nonzero: 1200/1200 ticks
first contact at t=12.10s: speed=15.5m/s front=8.58m left=6.19m right=2.14m heading_error=10.6 center_offset=-1.96 -> throttle=-0.22 steer=-1.89

=== seed 110: survived ===
distance=296.8m laps=1 damage=0.00 max_speed=16.7m/s marshal=0x ticks=1200
braking: 3/1200 ticks (0.2%) | front wall < 3m: 0/1200 ticks
reactive2 signals: max|lateral_accel|=40.7m/s^2 max|roll or pitch|=2.5deg instability triggered: 0/1200 ticks curvature signal nonzero: 1200/1200 ticks
first contact at t=12.18s: speed=16.7m/s front=37.89m left=4.08m right=4.08m heading_error=-0.0 center_offset=0.00 -> throttle=-0.22 steer=1.89

=== seed 271: survived ===
distance=301.7m laps=1 damage=0.00 max_speed=16.7m/s marshal=0x ticks=1200
braking: 2/1200 ticks (0.2%) | front wall < 3m: 0/1200 ticks
reactive2 signals: max|lateral_accel|=40.6m/s^2 max|roll or pitch|=2.4deg instability triggered: 0/1200 ticks curvature signal nonzero: 1200/1200 ticks
first contact at t=12.10s: speed=16.3m/s front=7.44m left=4.47m right=4.31m heading_error=5.0 center_offset=-0.38 -> throttle=-0.22 steer=-1.89

=== seed 997: survived ===
distance=299.8m laps=1 damage=0.00 max_speed=16.7m/s marshal=0x ticks=1200
braking: 18/1200 ticks (1.5%) | front wall < 3m: 0/1200 ticks
reactive2 signals: max|lateral_accel|=40.8m/s^2 max|roll or pitch|=2.6deg instability triggered: 0/1200 ticks curvature signal nonzero: 1200/1200 ticks
first contact at t=12.15s: speed=16.2m/s front=12.37m left=4.13m right=4.03m heading_error=-0.9 center_offset=-0.05 -> throttle=-0.22 steer=-1.89

